
> frontend@0.0.0 build
> vite build

[36mvite v7.1.9 [32mbuilding for production...[36m[39m
transforming...
[32mÔ£ô[39m 1214 modules transformed.
[baseline-browser-mapping] The data in this module is over two months old.  To ensure accurate Baseline data, please update: `npm i baseline-browser-mapping@latest -D`
Browserslist: browsers data (caniuse-lite) is 6 months old. Please run:
  npx update-browserslist-db@latest
  Why you should do it regularly: https://github.com/browserslist/update-db#readme

PWA v1.0.3
mode      generateSW
precache  11 entries (2066.89 KiB)
files generated
  dist/sw.js
  dist/workbox-6e150728.js
Ô£ù Build failed in 4.86s
error during build:
[vite-plugin-pwa:build] [plugin vite-plugin-pwa:build] src/components/admin/CompanyDomainModal.jsx: There was an error during the build:
  Could not resolve "../../../firebaseConfig" from "src/components/admin/CompanyDomainModal.jsx"
Additionally, handling the error in the 'buildEnd' hook caused the following error:
  Could not resolve "../../../firebaseConfig" from "src/components/admin/CompanyDomainModal.jsx"
file: C:/Users/Yves/Desktop/depots_git/depots_yves/paniscope-ticketing/frontend/src/components/admin/CompanyDomainModal.jsx
    at getRollupError (file:///C:/Users/Yves/Desktop/depots_git/depots_yves/paniscope-ticketing/frontend/node_modules/rollup/dist/es/shared/parseAst.js:401:41)
    at file:///C:/Users/Yves/Desktop/depots_git/depots_yves/paniscope-ticketing/frontend/node_modules/rollup/dist/es/shared/node-entry.js:23322:39
    at async catchUnfinishedHookActions (file:///C:/Users/Yves/Desktop/depots_git/depots_yves/paniscope-ticketing/frontend/node_modules/rollup/dist/es/shared/node-entry.js:22780:16)
    at async rollupInternal (file:///C:/Users/Yves/Desktop/depots_git/depots_yves/paniscope-ticketing/frontend/node_modules/rollup/dist/es/shared/node-entry.js:23305:5)
    at async buildEnvironment (file:///C:/Users/Yves/Desktop/depots_git/depots_yves/paniscope-ticketing/frontend/node_modules/vite/dist/node/chunks/dep-Chhhsdoe.js:33895:12)
    at async Object.build (file:///C:/Users/Yves/Desktop/depots_git/depots_yves/paniscope-ticketing/frontend/node_modules/vite/dist/node/chunks/dep-Chhhsdoe.js:34255:19)
    at async Object.buildApp (file:///C:/Users/Yves/Desktop/depots_git/depots_yves/paniscope-ticketing/frontend/node_modules/vite/dist/node/chunks/dep-Chhhsdoe.js:34252:153)
    at async CAC.<anonymous> (file:///C:/Users/Yves/Desktop/depots_git/depots_yves/paniscope-ticketing/frontend/node_modules/vite/dist/node/cli.js:641:3)
